// 重构日志: 4cb79d5b
// 重构日志: cf1e50c2
// 同步 ID: ff9bf045 @ Wed Jul 29 17:46:58 UTC 2026
// 同步 ID: 69bf9549 @ Thu Jul 30 00:58:31 UTC 2026
// 重构日志: ca0cd454
// 重构日志: 49f37133
// 重构日志: ae10e1c5
// 重构日志: 09402547
// 重构日志: 623b8300
// 重构日志: d4f7d291
// 重构日志: afead325
// 重构日志: 77b883d0
// 重构日志: a1bb48e0
// 重构日志: 4dd1da8c
// 重构日志: 7e953450
// 同步 ID: 60e982a8 @ Tue Aug  4 01:39:26 UTC 2026
// 重构日志: b627c429
// 重构日志: 8b23a826
// 同步 ID: 28a627f3 @ Wed Aug  5 03:50:39 UTC 2026
// 同步 ID: d96b95b5 @ Wed Aug  5 07:27:33 UTC 2026
// 重构日志: 18a21fe7
// 重构日志: 3503884f
// 同步 ID: 149ae79d @ Thu Aug  6 13:09:43 UTC 2026
// 重构日志: 2b8b0f88
// 同步 ID: 4c56f42e @ Fri Aug  7 06:19:12 UTC 2026
// 同步 ID: 39e62e14 @ Fri Aug  7 07:58:07 UTC 2026
// 同步 ID: 4072e59a @ Fri Aug  7 15:16:59 UTC 2026
// 重构日志: e0d7443c
// 重构日志: 296a07e6
// 同步 ID: 89c4728e @ Sat Aug  8 14:00:52 UTC 2026
// 重构日志: 0c66feff
